[2025-02-01T08:44:52.175+0000][gc,heap] Heap region size: 1M
[2025-02-01T08:44:52.184+0000][gc     ] Using G1
[2025-02-01T08:44:52.184+0000][gc,heap,coops] Heap address: 0x00000000c0000000, size: 1024 MB, Compressed Oops mode: 32-bit
[2025-02-01T08:44:52.184+0000][gc,cds       ] Mark closed archive regions in map: [0x00000000fff00000, 0x00000000fff6bff8]
[2025-02-01T08:44:52.184+0000][gc,cds       ] Mark open archive regions in map: [0x00000000ffe00000, 0x00000000ffe47ff8]
[2025-02-01T08:44:53.478+0000][gc,start     ] GC(0) Pause Young (Normal) (G1 Evacuation Pause)
[2025-02-01T08:44:53.478+0000][gc,task      ] GC(0) Using 2 workers of 2 for evacuation
[2025-02-01T08:44:53.502+0000][gc,mmu       ] GC(0) MMU target violated: 21.0ms (20.0ms/21.0ms)
[2025-02-01T08:44:53.502+0000][gc,phases    ] GC(0)   Pre Evacuate Collection Set: 0.0ms
[2025-02-01T08:44:53.502+0000][gc,phases    ] GC(0)   Evacuate Collection Set: 22.9ms
[2025-02-01T08:44:53.502+0000][gc,phases    ] GC(0)   Post Evacuate Collection Set: 0.4ms
[2025-02-01T08:44:53.502+0000][gc,phases    ] GC(0)   Other: 0.4ms
[2025-02-01T08:44:53.502+0000][gc,heap      ] GC(0) Eden regions: 51->0(44)
[2025-02-01T08:44:53.502+0000][gc,heap      ] GC(0) Survivor regions: 0->7(7)
[2025-02-01T08:44:53.502+0000][gc,heap      ] GC(0) Old regions: 2->2
[2025-02-01T08:44:53.502+0000][gc,heap      ] GC(0) Humongous regions: 0->0
[2025-02-01T08:44:53.502+0000][gc,metaspace ] GC(0) Metaspace: 16893K(17536K)->16893K(17536K) NonClass: 14673K(15104K)->14673K(15104K) Class: 2219K(2432K)->2219K(2432K)
[2025-02-01T08:44:53.502+0000][gc           ] GC(0) Pause Young (Normal) (G1 Evacuation Pause) 51M->7M(1024M) 24.010ms
[2025-02-01T08:44:53.502+0000][gc,cpu       ] GC(0) User=0.04s Sys=0.00s Real=0.02s
[2025-02-01T08:44:53.733+0000][gc,start     ] GC(1) Pause Young (Concurrent Start) (Metadata GC Threshold)
[2025-02-01T08:44:53.733+0000][gc,task      ] GC(1) Using 2 workers of 2 for evacuation
[2025-02-01T08:44:53.747+0000][gc,phases    ] GC(1)   Pre Evacuate Collection Set: 0.1ms
[2025-02-01T08:44:53.747+0000][gc,phases    ] GC(1)   Evacuate Collection Set: 12.8ms
[2025-02-01T08:44:53.747+0000][gc,phases    ] GC(1)   Post Evacuate Collection Set: 0.3ms
[2025-02-01T08:44:53.747+0000][gc,phases    ] GC(1)   Other: 0.2ms
[2025-02-01T08:44:53.747+0000][gc,heap      ] GC(1) Eden regions: 16->0(50)
[2025-02-01T08:44:53.747+0000][gc,heap      ] GC(1) Survivor regions: 7->1(7)
[2025-02-01T08:44:53.747+0000][gc,heap      ] GC(1) Old regions: 2->9
[2025-02-01T08:44:53.747+0000][gc,heap      ] GC(1) Humongous regions: 0->0
[2025-02-01T08:44:53.747+0000][gc,metaspace ] GC(1) Metaspace: 20623K(21248K)->20623K(21248K) NonClass: 17811K(18176K)->17811K(18176K) Class: 2812K(3072K)->2812K(3072K)
[2025-02-01T08:44:53.747+0000][gc           ] GC(1) Pause Young (Concurrent Start) (Metadata GC Threshold) 23M->7M(1024M) 13.381ms
[2025-02-01T08:44:53.747+0000][gc,cpu       ] GC(1) User=0.02s Sys=0.01s Real=0.02s
[2025-02-01T08:44:53.747+0000][gc           ] GC(2) Concurrent Cycle
[2025-02-01T08:44:53.747+0000][gc,marking   ] GC(2) Concurrent Clear Claimed Marks
[2025-02-01T08:44:53.747+0000][gc,marking   ] GC(2) Concurrent Clear Claimed Marks 0.029ms
[2025-02-01T08:44:53.747+0000][gc,marking   ] GC(2) Concurrent Scan Root Regions
[2025-02-01T08:44:53.749+0000][gc,marking   ] GC(2) Concurrent Scan Root Regions 1.879ms
[2025-02-01T08:44:53.749+0000][gc,marking   ] GC(2) Concurrent Mark (1.576s)
[2025-02-01T08:44:53.749+0000][gc,marking   ] GC(2) Concurrent Mark From Roots
[2025-02-01T08:44:53.749+0000][gc,task      ] GC(2) Using 1 workers of 1 for marking
[2025-02-01T08:44:53.763+0000][gc,marking   ] GC(2) Concurrent Mark From Roots 14.133ms
[2025-02-01T08:44:53.763+0000][gc,marking   ] GC(2) Concurrent Preclean
[2025-02-01T08:44:53.763+0000][gc,marking   ] GC(2) Concurrent Preclean 0.046ms
[2025-02-01T08:44:53.763+0000][gc,marking   ] GC(2) Concurrent Mark (1.576s, 1.591s) 14.222ms
[2025-02-01T08:44:53.764+0000][gc,start     ] GC(2) Pause Remark
[2025-02-01T08:44:53.767+0000][gc,stringtable] GC(2) Cleaned string and symbol table, strings: 5535 processed, 0 removed, symbols: 50592 processed, 50 removed
[2025-02-01T08:44:53.767+0000][gc            ] GC(2) Pause Remark 8M->8M(1024M) 3.317ms
[2025-02-01T08:44:53.767+0000][gc,cpu        ] GC(2) User=0.01s Sys=0.00s Real=0.01s
[2025-02-01T08:44:53.767+0000][gc,marking    ] GC(2) Concurrent Rebuild Remembered Sets
[2025-02-01T08:44:53.776+0000][gc,marking    ] GC(2) Concurrent Rebuild Remembered Sets 8.437ms
[2025-02-01T08:44:53.776+0000][gc,start      ] GC(2) Pause Cleanup
[2025-02-01T08:44:53.776+0000][gc            ] GC(2) Pause Cleanup 8M->8M(1024M) 0.173ms
[2025-02-01T08:44:53.776+0000][gc,cpu        ] GC(2) User=0.00s Sys=0.00s Real=0.00s
[2025-02-01T08:44:53.776+0000][gc,marking    ] GC(2) Concurrent Cleanup for Next Mark
[2025-02-01T08:44:53.790+0000][gc,marking    ] GC(2) Concurrent Cleanup for Next Mark 14.030ms
[2025-02-01T08:44:53.790+0000][gc            ] GC(2) Concurrent Cycle 43.660ms
[2025-02-01T08:44:54.581+0000][gc,start      ] GC(3) Pause Young (Normal) (G1 Evacuation Pause)
[2025-02-01T08:44:54.581+0000][gc,task       ] GC(3) Using 2 workers of 2 for evacuation
[2025-02-01T08:44:54.593+0000][gc,phases     ] GC(3)   Pre Evacuate Collection Set: 0.0ms
[2025-02-01T08:44:54.593+0000][gc,phases     ] GC(3)   Evacuate Collection Set: 11.2ms
[2025-02-01T08:44:54.593+0000][gc,phases     ] GC(3)   Post Evacuate Collection Set: 0.3ms
[2025-02-01T08:44:54.593+0000][gc,phases     ] GC(3)   Other: 0.1ms
[2025-02-01T08:44:54.593+0000][gc,heap       ] GC(3) Eden regions: 50->0(46)
[2025-02-01T08:44:54.593+0000][gc,heap       ] GC(3) Survivor regions: 1->5(7)
[2025-02-01T08:44:54.593+0000][gc,heap       ] GC(3) Old regions: 9->9
[2025-02-01T08:44:54.593+0000][gc,heap       ] GC(3) Humongous regions: 129->129
[2025-02-01T08:44:54.593+0000][gc,metaspace  ] GC(3) Metaspace: 30488K(31740K)->30488K(31740K) NonClass: 26710K(27392K)->26710K(27392K) Class: 3778K(4348K)->3778K(4348K)
[2025-02-01T08:44:54.593+0000][gc            ] GC(3) Pause Young (Normal) (G1 Evacuation Pause) 186M->140M(1024M) 11.725ms
[2025-02-01T08:44:54.593+0000][gc,cpu        ] GC(3) User=0.02s Sys=0.00s Real=0.01s
[2025-02-01T08:48:04.048+0000][gc,start      ] GC(4) Pause Young (Concurrent Start) (Metadata GC Threshold)
[2025-02-01T08:48:04.048+0000][gc,task       ] GC(4) Using 2 workers of 2 for evacuation
[2025-02-01T08:48:04.058+0000][gc,phases     ] GC(4)   Pre Evacuate Collection Set: 0.1ms
[2025-02-01T08:48:04.058+0000][gc,phases     ] GC(4)   Evacuate Collection Set: 9.9ms
[2025-02-01T08:48:04.058+0000][gc,phases     ] GC(4)   Post Evacuate Collection Set: 0.3ms
[2025-02-01T08:48:04.058+0000][gc,phases     ] GC(4)   Other: 0.2ms
[2025-02-01T08:48:04.058+0000][gc,heap       ] GC(4) Eden regions: 20->0(49)
[2025-02-01T08:48:04.058+0000][gc,heap       ] GC(4) Survivor regions: 5->2(7)
[2025-02-01T08:48:04.058+0000][gc,heap       ] GC(4) Old regions: 9->14
[2025-02-01T08:48:04.058+0000][gc,heap       ] GC(4) Humongous regions: 129->129
[2025-02-01T08:48:04.058+0000][gc,metaspace  ] GC(4) Metaspace: 34610K(36048K)->34610K(36048K) NonClass: 30224K(30932K)->30224K(30932K) Class: 4386K(5116K)->4386K(5116K)
[2025-02-01T08:48:04.058+0000][gc            ] GC(4) Pause Young (Concurrent Start) (Metadata GC Threshold) 160M->142M(1024M) 10.544ms
[2025-02-01T08:48:04.058+0000][gc,cpu        ] GC(4) User=0.02s Sys=0.01s Real=0.01s
[2025-02-01T08:48:04.058+0000][gc            ] GC(5) Concurrent Cycle
[2025-02-01T08:48:04.058+0000][gc,marking    ] GC(5) Concurrent Clear Claimed Marks
[2025-02-01T08:48:04.058+0000][gc,marking    ] GC(5) Concurrent Clear Claimed Marks 0.077ms
[2025-02-01T08:48:04.058+0000][gc,marking    ] GC(5) Concurrent Scan Root Regions
[2025-02-01T08:48:04.060+0000][gc,marking    ] GC(5) Concurrent Scan Root Regions 1.202ms
[2025-02-01T08:48:04.060+0000][gc,marking    ] GC(5) Concurrent Mark (191.887s)
[2025-02-01T08:48:04.060+0000][gc,marking    ] GC(5) Concurrent Mark From Roots
[2025-02-01T08:48:04.060+0000][gc,task       ] GC(5) Using 1 workers of 1 for marking
[2025-02-01T08:48:04.080+0000][gc,marking    ] GC(5) Concurrent Mark From Roots 20.155ms
[2025-02-01T08:48:04.080+0000][gc,marking    ] GC(5) Concurrent Preclean
[2025-02-01T08:48:04.080+0000][gc,marking    ] GC(5) Concurrent Preclean 0.054ms
[2025-02-01T08:48:04.080+0000][gc,marking    ] GC(5) Concurrent Mark (191.887s, 191.908s) 20.263ms
[2025-02-01T08:48:04.080+0000][gc,start      ] GC(5) Pause Remark
[2025-02-01T08:48:04.084+0000][gc,stringtable] GC(5) Cleaned string and symbol table, strings: 10227 processed, 10 removed, symbols: 80264 processed, 19 removed
[2025-02-01T08:48:04.084+0000][gc            ] GC(5) Pause Remark 143M->143M(1024M) 3.891ms
[2025-02-01T08:48:04.084+0000][gc,cpu        ] GC(5) User=0.01s Sys=0.00s Real=0.00s
[2025-02-01T08:48:04.084+0000][gc,marking    ] GC(5) Concurrent Rebuild Remembered Sets
[2025-02-01T08:48:04.094+0000][gc,marking    ] GC(5) Concurrent Rebuild Remembered Sets 9.453ms
[2025-02-01T08:48:04.094+0000][gc,start      ] GC(5) Pause Cleanup
[2025-02-01T08:48:04.094+0000][gc            ] GC(5) Pause Cleanup 143M->143M(1024M) 0.130ms
[2025-02-01T08:48:04.094+0000][gc,cpu        ] GC(5) User=0.00s Sys=0.00s Real=0.00s
[2025-02-01T08:48:04.094+0000][gc,marking    ] GC(5) Concurrent Cleanup for Next Mark
[2025-02-01T08:48:04.102+0000][gc,marking    ] GC(5) Concurrent Cleanup for Next Mark 7.767ms
[2025-02-01T08:48:04.102+0000][gc            ] GC(5) Concurrent Cycle 43.389ms
